../Core/Src/main.c:80:6:ProcessScan	16	static
../Core/Src/main.c:90:6:HAL_ADC_ConvHalfCpltCallback	24	static
../Core/Src/main.c:101:6:HAL_ADC_ConvCpltCallback	24	static
../Core/Src/main.c:135:5:main	48	static
../Core/Src/main.c:307:6:SystemClock_Config	96	static
../Core/Src/main.c:357:13:MX_ADC1_Init	32	static
../Core/Src/main.c:443:13:MX_I2C1_Init	8	static
../Core/Src/main.c:491:13:MX_I2C3_Init	8	static
../Core/Src/main.c:539:13:MX_SPI1_Init	8	static
../Core/Src/main.c:579:13:MX_TIM1_Init	96	static
../Core/Src/main.c:649:13:MX_USART2_UART_Init	8	static
../Core/Src/main.c:682:13:MX_DMA_Init	16	static
../Core/Src/main.c:700:13:MX_GPIO_Init	40	static
../Core/Src/main.c:745:6:Error_Handler	4	static,ignoring_inline_asm
