../Core/Src/main.c:80:6:ProcessScan	1
../Core/Src/main.c:90:6:HAL_ADC_ConvHalfCpltCallback	2
../Core/Src/main.c:101:6:HAL_ADC_ConvCpltCallback	2
../Core/Src/main.c:135:5:main	6
../Core/Src/main.c:307:6:SystemClock_Config	4
../Core/Src/main.c:357:13:MX_ADC1_Init	6
../Core/Src/main.c:443:13:MX_I2C1_Init	4
../Core/Src/main.c:491:13:MX_I2C3_Init	4
../Core/Src/main.c:539:13:MX_SPI1_Init	2
../Core/Src/main.c:579:13:MX_TIM1_Init	5
../Core/Src/main.c:649:13:MX_USART2_UART_Init	2
../Core/Src/main.c:682:13:MX_DMA_Init	1
../Core/Src/main.c:700:13:MX_GPIO_Init	1
../Core/Src/main.c:745:6:Error_Handler	1
